Archive member included to satisfy reference by file (symbol)

G:/ST/STM32CubeIDE_1.17.0/STM32CubeIDE/plugins/com.st.stm32cube.ide.mcu.externaltools.gnu-tools-for-stm32.12.3.rel1.win32_1.1.0.202410251130/tools/bin/../lib/gcc/arm-none-eabi/12.3.1/../../../../arm-none-eabi/lib/thumb/v7-m/nofp\libc_nano.a(libc_a-exit.o)
                              G:/ST/STM32CubeIDE_1.17.0/STM32CubeIDE/plugins/com.st.stm32cube.ide.mcu.externaltools.gnu-tools-for-stm32.12.3.rel1.win32_1.1.0.202410251130/tools/bin/../lib/gcc/arm-none-eabi/12.3.1/../../../../arm-none-eabi/lib/thumb/v7-m/nofp/crt0.o (exit)
G:/ST/STM32CubeIDE_1.17.0/STM32CubeIDE/plugins/com.st.stm32cube.ide.mcu.externaltools.gnu-tools-for-stm32.12.3.rel1.win32_1.1.0.202410251130/tools/bin/../lib/gcc/arm-none-eabi/12.3.1/../../../../arm-none-eabi/lib/thumb/v7-m/nofp\libc_nano.a(libc_a-findfp.o)
                              G:/ST/STM32CubeIDE_1.17.0/STM32CubeIDE/plugins/com.st.stm32cube.ide.mcu.externaltools.gnu-tools-for-stm32.12.3.rel1.win32_1.1.0.202410251130/tools/bin/../lib/gcc/arm-none-eabi/12.3.1/../../../../arm-none-eabi/lib/thumb/v7-m/nofp\libc_nano.a(libc_a-exit.o) (__stdio_exit_handler)
G:/ST/STM32CubeIDE_1.17.0/STM32CubeIDE/plugins/com.st.stm32cube.ide.mcu.externaltools.gnu-tools-for-stm32.12.3.rel1.win32_1.1.0.202410251130/tools/bin/../lib/gcc/arm-none-eabi/12.3.1/../../../../arm-none-eabi/lib/thumb/v7-m/nofp\libc_nano.a(libc_a-fwalk.o)
                              G:/ST/STM32CubeIDE_1.17.0/STM32CubeIDE/plugins/com.st.stm32cube.ide.mcu.externaltools.gnu-tools-for-stm32.12.3.rel1.win32_1.1.0.202410251130/tools/bin/../lib/gcc/arm-none-eabi/12.3.1/../../../../arm-none-eabi/lib/thumb/v7-m/nofp\libc_nano.a(libc_a-findfp.o) (_fwalk_sglue)
G:/ST/STM32CubeIDE_1.17.0/STM32CubeIDE/plugins/com.st.stm32cube.ide.mcu.externaltools.gnu-tools-for-stm32.12.3.rel1.win32_1.1.0.202410251130/tools/bin/../lib/gcc/arm-none-eabi/12.3.1/../../../../arm-none-eabi/lib/thumb/v7-m/nofp\libc_nano.a(libc_a-stdio.o)
                              G:/ST/STM32CubeIDE_1.17.0/STM32CubeIDE/plugins/com.st.stm32cube.ide.mcu.externaltools.gnu-tools-for-stm32.12.3.rel1.win32_1.1.0.202410251130/tools/bin/../lib/gcc/arm-none-eabi/12.3.1/../../../../arm-none-eabi/lib/thumb/v7-m/nofp\libc_nano.a(libc_a-findfp.o) (__sread)
G:/ST/STM32CubeIDE_1.17.0/STM32CubeIDE/plugins/com.st.stm32cube.ide.mcu.externaltools.gnu-tools-for-stm32.12.3.rel1.win32_1.1.0.202410251130/tools/bin/../lib/gcc/arm-none-eabi/12.3.1/../../../../arm-none-eabi/lib/thumb/v7-m/nofp\libc_nano.a(libc_a-memset.o)
                              G:/ST/STM32CubeIDE_1.17.0/STM32CubeIDE/plugins/com.st.stm32cube.ide.mcu.externaltools.gnu-tools-for-stm32.12.3.rel1.win32_1.1.0.202410251130/tools/bin/../lib/gcc/arm-none-eabi/12.3.1/../../../../arm-none-eabi/lib/thumb/v7-m/nofp/crt0.o (memset)
G:/ST/STM32CubeIDE_1.17.0/STM32CubeIDE/plugins/com.st.stm32cube.ide.mcu.externaltools.gnu-tools-for-stm32.12.3.rel1.win32_1.1.0.202410251130/tools/bin/../lib/gcc/arm-none-eabi/12.3.1/../../../../arm-none-eabi/lib/thumb/v7-m/nofp\libc_nano.a(libc_a-closer.o)
                              G:/ST/STM32CubeIDE_1.17.0/STM32CubeIDE/plugins/com.st.stm32cube.ide.mcu.externaltools.gnu-tools-for-stm32.12.3.rel1.win32_1.1.0.202410251130/tools/bin/../lib/gcc/arm-none-eabi/12.3.1/../../../../arm-none-eabi/lib/thumb/v7-m/nofp\libc_nano.a(libc_a-stdio.o) (_close_r)
G:/ST/STM32CubeIDE_1.17.0/STM32CubeIDE/plugins/com.st.stm32cube.ide.mcu.externaltools.gnu-tools-for-stm32.12.3.rel1.win32_1.1.0.202410251130/tools/bin/../lib/gcc/arm-none-eabi/12.3.1/../../../../arm-none-eabi/lib/thumb/v7-m/nofp\libc_nano.a(libc_a-reent.o)
                              G:/ST/STM32CubeIDE_1.17.0/STM32CubeIDE/plugins/com.st.stm32cube.ide.mcu.externaltools.gnu-tools-for-stm32.12.3.rel1.win32_1.1.0.202410251130/tools/bin/../lib/gcc/arm-none-eabi/12.3.1/../../../../arm-none-eabi/lib/thumb/v7-m/nofp\libc_nano.a(libc_a-closer.o) (errno)
G:/ST/STM32CubeIDE_1.17.0/STM32CubeIDE/plugins/com.st.stm32cube.ide.mcu.externaltools.gnu-tools-for-stm32.12.3.rel1.win32_1.1.0.202410251130/tools/bin/../lib/gcc/arm-none-eabi/12.3.1/../../../../arm-none-eabi/lib/thumb/v7-m/nofp\libc_nano.a(libc_a-impure.o)
                              G:/ST/STM32CubeIDE_1.17.0/STM32CubeIDE/plugins/com.st.stm32cube.ide.mcu.externaltools.gnu-tools-for-stm32.12.3.rel1.win32_1.1.0.202410251130/tools/bin/../lib/gcc/arm-none-eabi/12.3.1/../../../../arm-none-eabi/lib/thumb/v7-m/nofp\libc_nano.a(libc_a-reent.o) (_impure_ptr)
G:/ST/STM32CubeIDE_1.17.0/STM32CubeIDE/plugins/com.st.stm32cube.ide.mcu.externaltools.gnu-tools-for-stm32.12.3.rel1.win32_1.1.0.202410251130/tools/bin/../lib/gcc/arm-none-eabi/12.3.1/../../../../arm-none-eabi/lib/thumb/v7-m/nofp\libc_nano.a(libc_a-lseekr.o)
[...]
Memory Configuration

Name             Origin             Length             Attributes
RAM              0x20000000         0x00005000         xrw
FLASH            0x08000000         0x00010000         xr
*default*        0x00000000         0xffffffff

Linker script and memory map

LOAD G:/ST/STM32CubeIDE_1.17.0/STM32CubeIDE/plugins/com.st.stm32cube.ide.mcu.externaltools.gnu-tools-for-stm32.12.3.rel1.win32_1.1.0.202410251130/tools/bin/../lib/gcc/arm-none-eabi/12.3.1/thumb/v7-m/nofp/crti.o
LOAD G:/ST/STM32CubeIDE_1.17.0/STM32CubeIDE/plugins/com.st.stm32cube.ide.mcu.externaltools.gnu-tools-for-stm32.12.3.rel1.win32_1.1.0.202410251130/tools/bin/../lib/gcc/arm-none-eabi/12.3.1/thumb/v7-m/nofp/crtbegin.o
LOAD G:/ST/STM32CubeIDE_1.17.0/STM32CubeIDE/plugins/com.st.stm32cube.ide.mcu.externaltools.gnu-tools-for-stm32.12.3.rel1.win32_1.1.0.202410251130/tools/bin/../lib/gcc/arm-none-eabi/12.3.1/../../../../arm-none-eabi/lib/thumb/v7-m/nofp/crt0.o
LOAD ./Core/Src/freertos.o
LOAD ./Core/Src/gpio.o
LOAD ./Core/Src/main.o
LOAD ./Core/Src/stm32f1xx_hal_msp.o
LOAD ./Core/Src/stm32f1xx_hal_timebase_tim.o
LOAD ./Core/Src/stm32f1xx_it.o
LOAD ./Core/Src/syscalls.o
LOAD ./Core/Src/sysmem.o
LOAD ./Core/Src/system_stm32f1xx.o
LOAD ./Core/Src/usart.o
LOAD ./Core/Startup/startup_stm32f103c8tx.o
LOAD ./Drivers/STM32F1xx_HAL_Driver/Src/stm32f1xx_hal.o
LOAD ./Drivers/STM32F1xx_HAL_Driver/Src/stm32f1xx_hal_cortex.o
LOAD ./Drivers/STM32F1xx_HAL_Driver/Src/stm32f1xx_hal_dma.o
LOAD ./Drivers/STM32F1xx_HAL_Driver/Src/stm32f1xx_hal_exti.o
LOAD ./Drivers/STM32F1xx_HAL_Driver/Src/stm32f1xx_hal_flash.o
LOAD ./Drivers/STM32F1xx_HAL_Driver/Src/stm32f1xx_hal_flash_ex.o
LOAD ./Drivers/STM32F1xx_HAL_Driver/Src/stm32f1xx_hal_gpio.o
LOAD ./Drivers/STM32F1xx_HAL_Driver/Src/stm32f1xx_hal_gpio_ex.o
LOAD ./Drivers/STM32F1xx_HAL_Driver/Src/stm32f1xx_hal_pwr.o
LOAD ./Drivers/STM32F1xx_HAL_Driver/Src/stm32f1xx_hal_rcc.o
LOAD ./Drivers/STM32F1xx_HAL_Driver/Src/stm32f1xx_hal_rcc_ex.o
LOAD ./Drivers/STM32F1xx_HAL_Driver/Src/stm32f1xx_hal_tim.o
LOAD ./Drivers/STM32F1xx_HAL_Driver/Src/stm32f1xx_hal_tim_ex.o
LOAD ./Drivers/STM32F1xx_HAL_Driver/Src/stm32f1xx_hal_uart.o
LOAD ./Middlewares/Third_Party/FreeRTOS/Source/CMSIS_RTOS/cmsis_os.o
LOAD ./Middlewares/Third_Party/FreeRTOS/Source/croutine.o
LOAD ./Middlewares/Third_Party/FreeRTOS/Source/event_groups.o
LOAD ./Middlewares/Third_Party/FreeRTOS/Source/list.o
LOAD ./Middlewares/Third_Party/FreeRTOS/Source/queue.o
LOAD ./Middlewares/Third_Party/FreeRTOS/Source/stream_buffer.o
LOAD ./Middlewares/Third_Party/FreeRTOS/Source/tasks.o
LOAD ./Middlewares/Third_Party/FreeRTOS/Source/timers.o
LOAD ./Middlewares/Third_Party/FreeRTOS/Source/portable/GCC/ARM_CM3/port.o
LOAD ./Middlewares/Third_Party/FreeRTOS/Source/portable/MemMang/heap_4.o
START GROUP
LOAD G:/ST/STM32CubeIDE_1.17.0/STM32CubeIDE/plugins/com.st.stm32cube.ide.mcu.externaltools.gnu-tools-for-stm32.12.3.rel1.win32_1.1.0.202410251130/tools/bin/../lib/gcc/arm-none-eabi/12.3.1/../../../../arm-none-eabi/lib/thumb/v7-m/nofp\libc_nano.a
LOAD G:/ST/STM32CubeIDE_1.17.0/STM32CubeIDE/plugins/com.st.stm32cube.ide.mcu.externaltools.gnu-tools-for-stm32.12.3.rel1.win32_1.1.0.202410251130/tools/bin/../lib/gcc/arm-none-eabi/12.3.1/../../../../arm-none-eabi/lib/thumb/v7-m/nofp\libm.a
END GROUP
START GROUP
LOAD G:/ST/STM32CubeIDE_1.17.0/STM32CubeIDE/plugins/com.st.stm32cube.ide.mcu.externaltools.gnu-tools-for-stm32.12.3.rel1.win32_1.1.0.202410251130/tools/bin/../lib/gcc/arm-none-eabi/12.3.1/thumb/v7-m/nofp\libgcc.a
LOAD G:/ST/STM32CubeIDE_1.17.0/STM32CubeIDE/plugins/com.st.stm32cube.ide.mcu.externaltools.gnu-tools-for-stm32.12.3.rel1.win32_1.1.0.202410251130/tools/bin/../lib/gcc/arm-none-eabi/12.3.1/../../../../arm-none-eabi/lib/thumb/v7-m/nofp\libc_nano.a
END GROUP
START GROUP
LOAD G:/ST/STM32CubeIDE_1.17.0/STM32CubeIDE/plugins/com.st.stm32cube.ide.mcu.externaltools.gnu-tools-for-stm32.12.3.rel1.win32_1.1.0.202410251130/tools/bin/../lib/gcc/arm-none-eabi/12.3.1/thumb/v7-m/nofp\libgcc.a
LOAD G:/ST/STM32CubeIDE_1.17.0/STM32CubeIDE/plugins/com.st.stm32cube.ide.mcu.externaltools.gnu-tools-for-stm32.12.3.rel1.win32_1.1.0.202410251130/tools/bin/../lib/gcc/arm-none-eabi/12.3.1/../../../../arm-none-eabi/lib/thumb/v7-m/nofp\libc_nano.a
LOAD G:/ST/STM32CubeIDE_1.17.0/STM32CubeIDE/plugins/com.st.stm32cube.ide.mcu.externaltools.gnu-tools-for-stm32.12.3.rel1.win32_1.1.0.202410251130/tools/bin/../lib/gcc/arm-none-eabi/12.3.1/../../../../arm-none-eabi/lib/thumb/v7-m/nofp\libnosys.a
END GROUP
START GROUP
LOAD G:/ST/STM32CubeIDE_1.17.0/STM32CubeIDE/plugins/com.st.stm32cube.ide.mcu.externaltools.gnu-tools-for-stm32.12.3.rel1.win32_1.1.0.202410251130/tools/bin/../lib/gcc/arm-none-eabi/12.3.1/thumb/v7-m/nofp\libgcc.a
LOAD G:/ST/STM32CubeIDE_1.17.0/STM32CubeIDE/plugins/com.st.stm32cube.ide.mcu.externaltools.gnu-tools-for-stm32.12.3.rel1.win32_1.1.0.202410251130/tools/bin/../lib/gcc/arm-none-eabi/12.3.1/../../../../arm-none-eabi/lib/thumb/v7-m/nofp\libc_nano.a
LOAD G:/ST/STM32CubeIDE_1.17.0/STM32CubeIDE/plugins/com.st.stm32cube.ide.mcu.externaltools.gnu-tools-for-stm32.12.3.rel1.win32_1.1.0.202410251130/tools/bin/../lib/gcc/arm-none-eabi/12.3.1/../../../../arm-none-eabi/lib/thumb/v7-m/nofp\libnosys.a
END GROUP
LOAD G:/ST/STM32CubeIDE_1.17.0/STM32CubeIDE/plugins/com.st.stm32cube.ide.mcu.externaltools.gnu-tools-for-stm32.12.3.rel1.win32_1.1.0.202410251130/tools/bin/../lib/gcc/arm-none-eabi/12.3.1/thumb/v7-m/nofp/crtend.o
LOAD G:/ST/STM32CubeIDE_1.17.0/STM32CubeIDE/plugins/com.st.stm32cube.ide.mcu.externaltools.gnu-tools-for-stm32.12.3.rel1.win32_1.1.0.202410251130/tools/bin/../lib/gcc/arm-none-eabi/12.3.1/thumb/v7-m/nofp/crtn.o
                0x20005000                        _estack = (ORIGIN (RAM) + LENGTH (RAM))
                0x00000200                        _Min_Heap_Size = 0x200
                0x00000400                        _Min_Stack_Size = 0x400

.isr_vector     0x08000000      0x10c
                0x08000000                        . = ALIGN (0x4)
 *(.isr_vector)
 .isr_vector    0x08000000      0x10c ./Core/Startup/startup_stm32f103c8tx.o
                0x08000000                g_pfnVectors
                0x0800010c                        . = ALIGN (0x4)

.text           0x08000110     0x30dc
                0x08000110                        . = ALIGN (0x4)
 *(.text)
 .text          0x08000110       0x40 G:/ST/STM32CubeIDE_1.17.0/STM32CubeIDE/plugins/com.st.stm32cube.ide.mcu.externaltools.gnu-tools-for-stm32.12.3.rel1.win32_1.1.0.202410251130/tools/bin/../lib/gcc/arm-none-eabi/12.3.1/thumb/v7-m/nofp/crtbegin.o
 *(.text*)
 .text.send_deftask
                0x08000150       0x38 ./Core/Src/freertos.o
                0x08000150                send_deftask
 .text.send_task2
                0x08000188       0x3c ./Core/Src/freertos.o
                0x08000188                send_task2
 .text.send_task3
                0x080001c4       0x3c ./Core/Src/freertos.o
                0x080001c4                send_task3
 .text.vApplicationGetIdleTaskMemory
                0x08000200       0x30 ./Core/Src/freertos.o
                0x08000200                vApplicationGetIdleTaskMemory
 .text.MX_FREERTOS_Init
                0x08000230       0x94 ./Core/Src/freertos.o
                0x08000230                MX_FREERTOS_Init
 .text.StartDefaultTask
                0x080002c4       0x18 ./Core/Src/freertos.o
                0x080002c4                StartDefaultTask
 .text.Task2_init
                0x080002dc       0x18 ./Core/Src/freertos.o
                0x080002dc                Task2_init
 .text.Task3_init
                0x080002f4       0x18 ./Core/Src/freertos.o
                0x080002f4                Task3_init
 .text.MX_GPIO_Init
                0x0800030c       0x98 ./Core/Src/gpio.o
                0x0800030c                MX_GPIO_Init
 .text.main     0x080003a4       0x20 ./Core/Src/main.o
                0x080003a4                main
 .text.SystemClock_Config
                0x080003c4       0x8a ./Core/Src/main.o
                0x080003c4                SystemClock_Config
 *fill*         0x0800044e        0x2 
 .text.HAL_TIM_PeriodElapsedCallback
                0x08000450       0x24 ./Core/Src/main.o
                0x08000450                HAL_TIM_PeriodElapsedCallback
 .text.Error_Handler
                0x08000474        0xc ./Core/Src/main.o
                0x08000474                Error_Handler
 .text.HAL_MspInit
                0x08000480       0x70 ./Core/Src/stm32f1xx_hal_msp.o
                0x08000480                HAL_MspInit
 .text.HAL_InitTick
                0x080004f0       0xe4 ./Core/Src/stm32f1xx_hal_timebase_tim.o
                0x080004f0                HAL_InitTick
 .text.NMI_Handler
                0x080005d4        0x8 ./Core/Src/stm32f1xx_it.o
                0x080005d4                NMI_Handler
 .text.HardFault_Handler
                0x080005dc        0x8 ./Core/Src/stm32f1xx_it.o
                0x080005dc                HardFault_Handler
 .text.MemManage_Handler
                0x080005e4        0x8 ./Core/Src/stm32f1xx_it.o
                0x080005e4                MemManage_Handler
 .text.BusFault_Handler
                0x080005ec        0x8 ./Core/Src/stm32f1xx_it.o
                0x080005ec                BusFault_Handler
 .text.UsageFault_Handler
                0x080005f4        0x8 ./Core/Src/stm32f1xx_it.o
                0x080005f4                UsageFault_Handler
 .text.DebugMon_Handler
                0x080005fc        0xc ./Core/Src/stm32f1xx_it.o
                0x080005fc                DebugMon_Handler
 .text.TIM1_UP_IRQHandler
                0x08000608       0x14 ./Core/Src/stm32f1xx_it.o
                0x08000608                TIM1_UP_IRQHandler
 .text.SystemInit
                0x0800061c       0x68 ./Core/Src/system_stm32f1xx.o
                0x0800061c                SystemInit
 .text.MX_USART2_UART_Init
                0x08000684       0x54 ./Core/Src/usart.o
                0x08000684                MX_USART2_UART_Init
 .text.HAL_UART_MspInit
                0x080006d8       0x94 ./Core/Src/usart.o
                0x080006d8                HAL_UART_MspInit
 .text.Reset_Handler
                0x0800076c       0x48 ./Core/Startup/startup_stm32f103c8tx.o
                0x0800076c                Reset_Handler
 .text.Default_Handler
                0x080007b4        0x2 ./Core/Startup/startup_stm32f103c8tx.o
                0x080007b4                RTC_Alarm_IRQHandler
                0x080007b4                EXTI2_IRQHandler
                0x080007b4                TIM1_CC_IRQHandler
                0x080007b4                PVD_IRQHandler
                0x080007b4                EXTI3_IRQHandler
                0x080007b4                EXTI0_IRQHandler
                0x080007b4                I2C2_EV_IRQHandler
                0x080007b4                ADC1_2_IRQHandler
                0x080007b4                SPI1_IRQHandler
                0x080007b4                TAMPER_IRQHandler
                0x080007b4                DMA1_Channel4_IRQHandler
                0x080007b4                USART3_IRQHandler
                0x080007b4                RTC_IRQHandler
                0x080007b4                DMA1_Channel7_IRQHandler
                0x080007b4                CAN1_RX1_IRQHandler
                0x080007b4                TIM4_IRQHandler
                0x080007b4                I2C1_EV_IRQHandler
                0x080007b4                DMA1_Channel6_IRQHandler
                0x080007b4                TIM3_IRQHandler
                0x080007b4                RCC_IRQHandler
                0x080007b4                TIM1_TRG_COM_IRQHandler
                0x080007b4                DMA1_Channel1_IRQHandler
                0x080007b4                Default_Handler
                0x080007b4                EXTI15_10_IRQHandler
                0x080007b4                EXTI9_5_IRQHandler
                0x080007b4                SPI2_IRQHandler
                0x080007b4                DMA1_Channel5_IRQHandler
                0x080007b4                EXTI4_IRQHandler
                0x080007b4                USB_LP_CAN1_RX0_IRQHandler
                0x080007b4                USB_HP_CAN1_TX_IRQHandler
                0x080007b4                DMA1_Channel3_IRQHandler
                0x080007b4                WWDG_IRQHandler
                0x080007b4                TIM2_IRQHandler
                0x080007b4                TIM1_BRK_IRQHandler
                0x080007b4                EXTI1_IRQHandler
                0x080007b4                USART2_IRQHandler
                0x080007b4                I2C2_ER_IRQHandler
                0x080007b4                DMA1_Channel2_IRQHandler
                0x080007b4                CAN1_SCE_IRQHandler
                0x080007b4                FLASH_IRQHandler
                0x080007b4                USART1_IRQHandler
                0x080007b4                I2C1_ER_IRQHandler
                0x080007b4                USBWakeUp_IRQHandler
 *fill*         0x080007b6        0x2 
 .text.HAL_Init
                0x080007b8       0x2c ./Drivers/STM32F1xx_HAL_Driver/Src/stm32f1xx_hal.o
                0x080007b8                HAL_Init
 .text.HAL_IncTick
                0x080007e4       0x24 ./Drivers/STM32F1xx_HAL_Driver/Src/stm32f1xx_hal.o
                0x080007e4                HAL_IncTick
 .text.HAL_GetTick
                0x08000808       0x14 ./Drivers/STM32F1xx_HAL_Driver/Src/stm32f1xx_hal.o
                0x08000808                HAL_GetTick
 .text.__NVIC_SetPriorityGrouping
                0x0800081c       0x48 ./Drivers/STM32F1xx_HAL_Driver/Src/stm32f1xx_hal_cortex.o
 .text.__NVIC_GetPriorityGrouping
                0x08000864       0x1c ./Drivers/STM32F1xx_HAL_Driver/Src/stm32f1xx_hal_cortex.o
 .text.__NVIC_EnableIRQ
                0x08000880       0x38 ./Drivers/STM32F1xx_HAL_Driver/Src/stm32f1xx_hal_cortex.o
 .text.__NVIC_SetPriority
                0x080008b8       0x54 ./Drivers/STM32F1xx_HAL_Driver/Src/stm32f1xx_hal_cortex.o
 .text.NVIC_EncodePriority
                0x0800090c       0x64 ./Drivers/STM32F1xx_HAL_Driver/Src/stm32f1xx_hal_cortex.o
 .text.HAL_NVIC_SetPriorityGrouping
                0x08000970       0x16 ./Drivers/STM32F1xx_HAL_Driver/Src/stm32f1xx_hal_cortex.o
                0x08000970                HAL_NVIC_SetPriorityGrouping
 .text.HAL_NVIC_SetPriority
                0x08000986       0x38 ./Drivers/STM32F1xx_HAL_Driver/Src/stm32f1xx_hal_cortex.o
                0x08000986                HAL_NVIC_SetPriority
 .text.HAL_NVIC_EnableIRQ
                0x080009be       0x1c ./Drivers/STM32F1xx_HAL_Driver/Src/stm32f1xx_hal_cortex.o
                0x080009be                HAL_NVIC_EnableIRQ
 *fill*         0x080009da        0x2 
 .text.HAL_GPIO_Init
                0x080009dc      0x308 ./Drivers/STM32F1xx_HAL_Driver/Src/stm32f1xx_hal_gpio.o
                0x080009dc                HAL_GPIO_Init
 .text.HAL_GPIO_WritePin
                0x08000ce4       0x30 ./Drivers/STM32F1xx_HAL_Driver/Src/stm32f1xx_hal_gpio.o
                0x08000ce4                HAL_GPIO_WritePin
 .text.HAL_RCC_OscConfig
                0x08000d14      0x504 ./Drivers/STM32F1xx_HAL_Driver/Src/stm32f1xx_hal_rcc.o
                0x08000d14                HAL_RCC_OscConfig
 .text.HAL_RCC_ClockConfig
                0x08001218      0x1d4 ./Drivers/STM32F1xx_HAL_Driver/Src/stm32f1xx_hal_rcc.o
                0x08001218                HAL_RCC_ClockConfig
 .text.HAL_RCC_GetSysClockFreq
                0x080013ec       0xbc ./Drivers/STM32F1xx_HAL_Driver/Src/stm32f1xx_hal_rcc.o
                0x080013ec                HAL_RCC_GetSysClockFreq
 .text.HAL_RCC_GetHCLKFreq
                0x080014a8       0x14 ./Drivers/STM32F1xx_HAL_Driver/Src/stm32f1xx_hal_rcc.o
                0x080014a8                HAL_RCC_GetHCLKFreq
 .text.HAL_RCC_GetPCLK1Freq
                0x080014bc       0x28 ./Drivers/STM32F1xx_HAL_Driver/Src/stm32f1xx_hal_rcc.o
                0x080014bc                HAL_RCC_GetPCLK1Freq
 .text.HAL_RCC_GetPCLK2Freq
                0x080014e4       0x28 ./Drivers/STM32F1xx_HAL_Driver/Src/stm32f1xx_hal_rcc.o
                0x080014e4                HAL_RCC_GetPCLK2Freq
 .text.HAL_RCC_GetClockConfig
                0x0800150c       0x60 ./Drivers/STM32F1xx_HAL_Driver/Src/stm32f1xx_hal_rcc.o
                0x0800150c                HAL_RCC_GetClockConfig
 .text.RCC_Delay
                0x0800156c       0x3c ./Drivers/STM32F1xx_HAL_Driver/Src/stm32f1xx_hal_rcc.o
 .text.HAL_TIM_Base_Init
                0x080015a8       0x56 ./Drivers/STM32F1xx_HAL_Driver/Src/stm32f1xx_hal_tim.o
                0x080015a8                HAL_TIM_Base_Init
 .text.HAL_TIM_Base_MspInit
                0x080015fe       0x12 ./Drivers/STM32F1xx_HAL_Driver/Src/stm32f1xx_hal_tim.o
                0x080015fe                HAL_TIM_Base_MspInit
 .text.HAL_TIM_Base_Start_IT
                0x08001610       0x46 ./Drivers/STM32F1xx_HAL_Driver/Src/stm32f1xx_hal_tim.o
                0x08001610                HAL_TIM_Base_Start_IT
 .text.HAL_TIM_IRQHandler
                0x08001656      0x210 ./Drivers/STM32F1xx_HAL_Driver/Src/stm32f1xx_hal_tim.o
                0x08001656                HAL_TIM_IRQHandler
 .text.HAL_TIM_OC_DelayElapsedCallback
                0x08001866       0x12 ./Drivers/STM32F1xx_HAL_Driver/Src/stm32f1xx_hal_tim.o
                0x08001866                HAL_TIM_OC_DelayElapsedCallback
 .text.HAL_TIM_IC_CaptureCallback
                0x08001878       0x12 ./Drivers/STM32F1xx_HAL_Driver/Src/stm32f1xx_hal_tim.o
                0x08001878                HAL_TIM_IC_CaptureCallback
 .text.HAL_TIM_PWM_PulseFinishedCallback
                0x0800188a       0x12 ./Drivers/STM32F1xx_HAL_Driver/Src/stm32f1xx_hal_tim.o
                0x0800188a                HAL_TIM_PWM_PulseFinishedCallback
 .text.HAL_TIM_TriggerCallback
                0x0800189c       0x12 ./Drivers/STM32F1xx_HAL_Driver/Src/stm32f1xx_hal_tim.o
                0x0800189c                HAL_TIM_TriggerCallback
 *fill*         0x080018ae        0x2 
 .text.TIM_Base_SetConfig
                0x080018b0       0xc4 ./Drivers/STM32F1xx_HAL_Driver/Src/stm32f1xx_hal_tim.o
                0x080018b0                TIM_Base_SetConfig
 .text.HAL_TIMEx_CommutCallback
                0x08001974       0x12 ./Drivers/STM32F1xx_HAL_Driver/Src/stm32f1xx_hal_tim_ex.o
                0x08001974                HAL_TIMEx_CommutCallback
 .text.HAL_TIMEx_BreakCallback
                0x08001986       0x12 ./Drivers/STM32F1xx_HAL_Driver/Src/stm32f1xx_hal_tim_ex.o
                0x08001986                HAL_TIMEx_BreakCallback
 .text.HAL_UART_Init
                0x08001998       0x9a ./Drivers/STM32F1xx_HAL_Driver/Src/stm32f1xx_hal_uart.o
                0x08001998                HAL_UART_Init
 .text.HAL_UART_Transmit
                0x08001a32      0x132 ./Drivers/STM32F1xx_HAL_Driver/Src/stm32f1xx_hal_uart.o
                0x08001a32                HAL_UART_Transmit
 .text.UART_WaitOnFlagUntilTimeout
                0x08001b64       0x94 ./Drivers/STM32F1xx_HAL_Driver/Src/stm32f1xx_hal_uart.o
 .text.UART_SetConfig
                0x08001bf8      0x1b4 ./Drivers/STM32F1xx_HAL_Driver/Src/stm32f1xx_hal_uart.o
 .text.makeFreeRtosPriority
                0x08001dac       0x2e ./Middlewares/Third_Party/FreeRTOS/Source/CMSIS_RTOS/cmsis_os.o
 .text.osKernelStart
                0x08001dda        0xe ./Middlewares/Third_Party/FreeRTOS/Source/CMSIS_RTOS/cmsis_os.o
                0x08001dda                osKernelStart
 .text.osThreadCreate
                0x08001de8       0x98 ./Middlewares/Third_Party/FreeRTOS/Source/CMSIS_RTOS/cmsis_os.o
                0x08001de8                osThreadCreate
 .text.osDelay  0x08001e80       0x28 ./Middlewares/Third_Party/FreeRTOS/Source/CMSIS_RTOS/cmsis_os.o
                0x08001e80                osDelay
 .text.vListInitialise
                0x08001ea8       0x3e ./Middlewares/Third_Party/FreeRTOS/Source/list.o
                0x08001ea8                vListInitialise
 .text.vListInitialiseItem
                0x08001ee6       0x18 ./Middlewares/Third_Party/FreeRTOS/Source/list.o
                0x08001ee6                vListInitialiseItem
 .text.vListInsertEnd
                0x08001efe       0x46 ./Middlewares/Third_Party/FreeRTOS/Source/list.o
                0x08001efe                vListInsertEnd
 .text.vListInsert
                0x08001f44       0x70 ./Middlewares/Third_Party/FreeRTOS/Source/list.o
                0x08001f44                vListInsert
 .text.uxListRemove
                0x08001fb4       0x52 ./Middlewares/Third_Party/FreeRTOS/Source/list.o
                0x08001fb4                uxListRemove
 .text.xTaskCreateStatic
                0x08002006       0xbe ./Middlewares/Third_Party/FreeRTOS/Source/tasks.o
                0x08002006                xTaskCreateStatic
 .text.xTaskCreate
                0x080020c4       0x8a ./Middlewares/Third_Party/FreeRTOS/Source/tasks.o
                0x080020c4                xTaskCreate
 .text.prvInitialiseNewTask
                0x0800214e      0x100 ./Middlewares/Third_Party/FreeRTOS/Source/tasks.o
 *fill*         0x0800224e        0x2 
 .text.prvAddNewTaskToReadyList
                0x08002250       0xd4 ./Middlewares/Third_Party/FreeRTOS/Source/tasks.o
 .text.vTaskDelay
                0x08002324       0x6c ./Middlewares/Third_Party/FreeRTOS/Source/tasks.o
                0x08002324                vTaskDelay
 .text.vTaskStartScheduler
                0x08002390       0xc4 ./Middlewares/Third_Party/FreeRTOS/Source/tasks.o
                0x08002390                vTaskStartScheduler
 .text.vTaskSuspendAll
                0x08002454       0x1c ./Middlewares/Third_Party/FreeRTOS/Source/tasks.o
                0x08002454                vTaskSuspendAll
 .text.xTaskResumeAll
                0x08002470      0x13c ./Middlewares/Third_Party/FreeRTOS/Source/tasks.o
                0x08002470                xTaskResumeAll
 .text.xTaskIncrementTick
                0x080025ac      0x17c ./Middlewares/Third_Party/FreeRTOS/Source/tasks.o
                0x080025ac                xTaskIncrementTick
 .text.vTaskSwitchContext
                0x08002728       0xb8 ./Middlewares/Third_Party/FreeRTOS/Source/tasks.o
                0x08002728                vTaskSwitchContext
 .text.prvIdleTask
                0x080027e0       0x30 ./Middlewares/Third_Party/FreeRTOS/Source/tasks.o
 .text.prvInitialiseTaskLists
                0x08002810       0x80 ./Middlewares/Third_Party/FreeRTOS/Source/tasks.o
 .text.prvCheckTasksWaitingTermination
                0x08002890       0x5c ./Middlewares/Third_Party/FreeRTOS/Source/tasks.o
 .text.prvDeleteTCB
                0x080028ec       0x60 ./Middlewares/Third_Party/FreeRTOS/Source/tasks.o
 .text.prvResetNextTaskUnblockTime
                0x0800294c       0x48 ./Middlewares/Third_Party/FreeRTOS/Source/tasks.o
 .text.prvAddCurrentTaskToDelayedList
                0x08002994       0xcc ./Middlewares/Third_Party/FreeRTOS/Source/tasks.o
 .text.pxPortInitialiseStack
                0x08002a60       0x58 ./Middlewares/Third_Party/FreeRTOS/Source/portable/GCC/ARM_CM3/port.o
                0x08002a60                pxPortInitialiseStack
 .text.prvTaskExitError
                0x08002ab8       0x58 ./Middlewares/Third_Party/FreeRTOS/Source/portable/GCC/ARM_CM3/port.o
 .text.SVC_Handler
                0x08002b10       0x28 ./Middlewares/Third_Party/FreeRTOS/Source/portable/GCC/ARM_CM3/port.o
                0x08002b10                SVC_Handler
 .text.prvPortStartFirstTask
                0x08002b38       0x20 ./Middlewares/Third_Party/FreeRTOS/Source/portable/GCC/ARM_CM3/port.o
 .text.xPortStartScheduler
                0x08002b58       0xe4 ./Middlewares/Third_Party/FreeRTOS/Source/portable/GCC/ARM_CM3/port.o
                0x08002b58                xPortStartScheduler
 .text.vPortEnterCritical
                0x08002c3c       0x60 ./Middlewares/Third_Party/FreeRTOS/Source/portable/GCC/ARM_CM3/port.o
                0x08002c3c                vPortEnterCritical
 .text.vPortExitCritical
                0x08002c9c       0x54 ./Middlewares/Third_Party/FreeRTOS/Source/portable/GCC/ARM_CM3/port.o
                0x08002c9c                vPortExitCritical
 .text.PendSV_Handler
                0x08002cf0       0x48 ./Middlewares/Third_Party/FreeRTOS/Source/portable/GCC/ARM_CM3/port.o
                0x08002cf0                PendSV_Handler
 .text.SysTick_Handler
                0x08002d38       0x44 ./Middlewares/Third_Party/FreeRTOS/Source/portable/GCC/ARM_CM3/port.o
                0x08002d38                SysTick_Handler
 .text.vPortSetupTimerInterrupt
                0x08002d7c       0x44 ./Middlewares/Third_Party/FreeRTOS/Source/portable/GCC/ARM_CM3/port.o
                0x08002d7c                vPortSetupTimerInterrupt
 .text.pvPortMalloc
                0x08002dc0      0x190 ./Middlewares/Third_Party/FreeRTOS/Source/portable/MemMang/heap_4.o
                0x08002dc0                pvPortMalloc
 .text.vPortFree
                0x08002f50       0xb8 ./Middlewares/Third_Party/FreeRTOS/Source/portable/MemMang/heap_4.o
                0x08002f50                vPortFree
 .text.prvHeapInit
                0x08003008       0xc4 ./Middlewares/Third_Party/FreeRTOS/Source/portable/MemMang/heap_4.o
 .text.prvInsertBlockIntoFreeList
                0x080030cc       0xb0 ./Middlewares/Third_Party/FreeRTOS/Source/portable/MemMang/heap_4.o
 .text.memset   0x0800317c       0x10 G:/ST/STM32CubeIDE_1.17.0/STM32CubeIDE/plugins/com.st.stm32cube.ide.mcu.externaltools.gnu-tools-for-stm32.12.3.rel1.win32_1.1.0.202410251130/tools/bin/../lib/gcc/arm-none-eabi/12.3.1/../../../../arm-none-eabi/lib/thumb/v7-m/nofp\libc_nano.a(libc_a-memset.o)
                0x0800317c                memset
 .text.__libc_init_array
                0x0800318c       0x48 G:/ST/STM32CubeIDE_1.17.0/STM32CubeIDE/plugins/com.st.stm32cube.ide.mcu.externaltools.gnu-tools-for-stm32.12.3.rel1.win32_1.1.0.202410251130/tools/bin/../lib/gcc/arm-none-eabi/12.3.1/../../../../arm-none-eabi/lib/thumb/v7-m/nofp\libc_nano.a(libc_a-init.o)
                0x0800318c                __libc_init_array
 *(.glue_7)
 .glue_7        0x080031d4        0x0 linker stubs
 *(.glue_7t)
 .glue_7t       0x080031d4        0x0 linker stubs
 *(.eh_frame)
 .eh_frame      0x080031d4        0x0 G:/ST/STM32CubeIDE_1.17.0/STM32CubeIDE/plugins/com.st.stm32cube.ide.mcu.externaltools.gnu-tools-for-stm32.12.3.rel1.win32_1.1.0.202410251130/tools/bin/../lib/gcc/arm-none-eabi/12.3.1/thumb/v7-m/nofp/crtbegin.o
 *(.init)
 .init          0x080031d4        0x4 G:/ST/STM32CubeIDE_1.17.0/STM32CubeIDE/plugins/com.st.stm32cube.ide.mcu.externaltools.gnu-tools-for-stm32.12.3.rel1.win32_1.1.0.202410251130/tools/bin/../lib/gcc/arm-none-eabi/12.3.1/thumb/v7-m/nofp/crti.o
                0x080031d4                _init
 .init          0x080031d8        0x8 G:/ST/STM32CubeIDE_1.17.0/STM32CubeIDE/plugins/com.st.stm32cube.ide.mcu.externaltools.gnu-tools-for-stm32.12.3.rel1.win32_1.1.0.202410251130/tools/bin/../lib/gcc/arm-none-eabi/12.3.1/thumb/v7-m/nofp/crtn.o
 *(.fini)
 .fini          0x080031e0        0x4 G:/ST/STM32CubeIDE_1.17.0/STM32CubeIDE/plugins/com.st.stm32cube.ide.mcu.externaltools.gnu-tools-for-stm32.12.3.rel1.win32_1.1.0.202410251130/tools/bin/../lib/gcc/arm-none-eabi/12.3.1/thumb/v7-m/nofp/crti.o
                0x080031e0                _fini
 .fini          0x080031e4        0x8 G:/ST/STM32CubeIDE_1.17.0/STM32CubeIDE/plugins/com.st.stm32cube.ide.mcu.externaltools.gnu-tools-for-stm32.12.3.rel1.win32_1.1.0.202410251130/tools/bin/../lib/gcc/arm-none-eabi/12.3.1/thumb/v7-m/nofp/crtn.o
                0x080031ec                        . = ALIGN (0x4)
                0x080031ec                        _etext = .

.vfp11_veneer   0x080031ec        0x0
 .vfp11_veneer  0x080031ec        0x0 linker stubs

.v4_bx          0x080031ec        0x0
 .v4_bx         0x080031ec        0x0 linker stubs

.iplt           0x080031ec        0x0
 .iplt          0x080031ec        0x0 G:/ST/STM32CubeIDE_1.17.0/STM32CubeIDE/plugins/com.st.stm32cube.ide.mcu.externaltools.gnu-tools-for-stm32.12.3.rel1.win32_1.1.0.202410251130/tools/bin/../lib/gcc/arm-none-eabi/12.3.1/thumb/v7-m/nofp/crtbegin.o

.rodata         0x080031ec       0xe0
                0x080031ec                        . = ALIGN (0x4)
 *(.rodata)
 .rodata        0x080031ec       0xb0 ./Core/Src/freertos.o
 .rodata        0x0800329c       0x10 ./Drivers/STM32F1xx_HAL_Driver/Src/stm32f1xx_hal_rcc.o
 .rodata        0x080032ac        0x5 ./Middlewares/Third_Party/FreeRTOS/Source/tasks.o
 *(.rodata*)
 *fill*         0x080032b1        0x3 
 .rodata.AHBPrescTable
                0x080032b4       0x10 ./Core/Src/system_stm32f1xx.o
                0x080032b4                AHBPrescTable
 .rodata.APBPrescTable
                0x080032c4        0x8 ./Core/Src/system_stm32f1xx.o
                0x080032c4                APBPrescTable
                0x080032cc                        . = ALIGN (0x4)

.ARM.extab      0x080032cc        0x0
                0x080032cc                        . = ALIGN (0x4)
 *(.ARM.extab* .gnu.linkonce.armextab.*)
                0x080032cc                        . = ALIGN (0x4)

.ARM            0x080032cc        0x0
                0x080032cc                        . = ALIGN (0x4)
                0x080032cc                        __exidx_start = .
 *(.ARM.exidx*)
                0x080032cc                        __exidx_end = .
                0x080032cc                        . = ALIGN (0x4)

.preinit_array  0x080032cc        0x0
                0x080032cc                        . = ALIGN (0x4)
                0x080032cc                        PROVIDE (__preinit_array_start = .)
 *(.preinit_array*)
                0x080032cc                        PROVIDE (__preinit_array_end = .)
                0x080032cc                        . = ALIGN (0x4)

.init_array     0x080032cc        0x4
                0x080032cc                        . = ALIGN (0x4)
                0x080032cc                        PROVIDE (__init_array_start = .)
 *(SORT_BY_NAME(.init_array.*))
 *(.init_array*)
 .init_array    0x080032cc        0x4 G:/ST/STM32CubeIDE_1.17.0/STM32CubeIDE/plugins/com.st.stm32cube.ide.mcu.externaltools.gnu-tools-for-stm32.12.3.rel1.win32_1.1.0.202410251130/tools/bin/../lib/gcc/arm-none-eabi/12.3.1/thumb/v7-m/nofp/crtbegin.o
                0x080032d0                        PROVIDE (__init_array_end = .)
                0x080032d0                        . = ALIGN (0x4)

.fini_array     0x080032d0        0x4
                0x080032d0                        . = ALIGN (0x4)
                [!provide]                        PROVIDE (__fini_array_start = .)
 *(SORT_BY_NAME(.fini_array.*))
 *(.fini_array*)
 .fini_array    0x080032d0        0x4 G:/ST/STM32CubeIDE_1.17.0/STM32CubeIDE/plugins/com.st.stm32cube.ide.mcu.externaltools.gnu-tools-for-stm32.12.3.rel1.win32_1.1.0.202410251130/tools/bin/../lib/gcc/arm-none-eabi/12.3.1/thumb/v7-m/nofp/crtbegin.o
                [!provide]                        PROVIDE (__fini_array_end = .)
                0x080032d4                        . = ALIGN (0x4)
                0x080032d4                        _sidata = LOADADDR (.data)

.rel.dyn        0x080032d4        0x0
 .rel.iplt      0x080032d4        0x0 G:/ST/STM32CubeIDE_1.17.0/STM32CubeIDE/plugins/com.st.stm32cube.ide.mcu.externaltools.gnu-tools-for-stm32.12.3.rel1.win32_1.1.0.202410251130/tools/bin/../lib/gcc/arm-none-eabi/12.3.1/thumb/v7-m/nofp/crtbegin.o

.data           0x20000000       0x10 load address 0x080032d4
                0x20000000                        . = ALIGN (0x4)
                0x20000000                        _sdata = .
 *(.data)
 *(.data*)
 .data.SystemCoreClock
                0x20000000        0x4 ./Core/Src/system_stm32f1xx.o
                0x20000000                SystemCoreClock
 .data.uwTickPrio
                0x20000004        0x4 ./Drivers/STM32F1xx_HAL_Driver/Src/stm32f1xx_hal.o
                0x20000004                uwTickPrio
 .data.uwTickFreq
                0x20000008        0x1 ./Drivers/STM32F1xx_HAL_Driver/Src/stm32f1xx_hal.o
                0x20000008                uwTickFreq
 *fill*         0x20000009        0x3 
 .data.uxCriticalNesting
                0x2000000c        0x4 ./Middlewares/Third_Party/FreeRTOS/Source/portable/GCC/ARM_CM3/port.o
 *(.RamFunc)
 *(.RamFunc*)
                0x20000010                        . = ALIGN (0x4)
                0x20000010                        _edata = .

.igot.plt       0x20000010        0x0 load address 0x080032e4
 .igot.plt      0x20000010        0x0 G:/ST/STM32CubeIDE_1.17.0/STM32CubeIDE/plugins/com.st.stm32cube.ide.mcu.externaltools.gnu-tools-for-stm32.12.3.rel1.win32_1.1.0.202410251130/tools/bin/../lib/gcc/arm-none-eabi/12.3.1/thumb/v7-m/nofp/crtbegin.o
                0x20000010                        . = ALIGN (0x4)

.bss            0x20000010     0x104c load address 0x080032e4
                0x20000010                        _sbss = .
                0x20000010                        __bss_start__ = _sbss
 *(.bss)
 .bss           0x20000010       0x1c G:/ST/STM32CubeIDE_1.17.0/STM32CubeIDE/plugins/com.st.stm32cube.ide.mcu.externaltools.gnu-tools-for-stm32.12.3.rel1.win32_1.1.0.202410251130/tools/bin/../lib/gcc/arm-none-eabi/12.3.1/thumb/v7-m/nofp/crtbegin.o
 *(.bss*)
 .bss.Task3Handle
                0x2000002c        0x4 ./Core/Src/freertos.o
                0x2000002c                Task3Handle
 .bss.defaultTaskHandle
                0x20000030        0x4 ./Core/Src/freertos.o
                0x20000030                defaultTaskHandle
 .bss.Task2Handle
                0x20000034        0x4 ./Core/Src/freertos.o
                0x20000034                Task2Handle
 .bss.xIdleTaskTCBBuffer
                0x20000038       0x54 ./Core/Src/freertos.o
 .bss.xIdleStack
                0x2000008c      0x200 ./Core/Src/freertos.o
 .bss.htim1     0x2000028c       0x40 ./Core/Src/stm32f1xx_hal_timebase_tim.o
                0x2000028c                htim1
 .bss.huart2    0x200002cc       0x40 ./Core/Src/usart.o
                0x200002cc                huart2
 .bss.uwTick    0x2000030c        0x4 ./Drivers/STM32F1xx_HAL_Driver/Src/stm32f1xx_hal.o
                0x2000030c                uwTick
 .bss.pxCurrentTCB
                0x20000310        0x4 ./Middlewares/Third_Party/FreeRTOS/Source/tasks.o
                0x20000310                pxCurrentTCB
 .bss.pxReadyTasksLists
                0x20000314       0x8c ./Middlewares/Third_Party/FreeRTOS/Source/tasks.o
 .bss.xDelayedTaskList1
                0x200003a0       0x14 ./Middlewares/Third_Party/FreeRTOS/Source/tasks.o
 .bss.xDelayedTaskList2
                0x200003b4       0x14 ./Middlewares/Third_Party/FreeRTOS/Source/tasks.o
 .bss.pxDelayedTaskList
                0x200003c8        0x4 ./Middlewares/Third_Party/FreeRTOS/Source/tasks.o
 .bss.pxOverflowDelayedTaskList
                0x200003cc        0x4 ./Middlewares/Third_Party/FreeRTOS/Source/tasks.o
 .bss.xPendingReadyList
                0x200003d0       0x14 ./Middlewares/Third_Party/FreeRTOS/Source/tasks.o
 .bss.xTasksWaitingTermination
                0x200003e4       0x14 ./Middlewares/Third_Party/FreeRTOS/Source/tasks.o
 .bss.uxDeletedTasksWaitingCleanUp
                0x200003f8        0x4 ./Middlewares/Third_Party/FreeRTOS/Source/tasks.o
 .bss.xSuspendedTaskList
                0x200003fc       0x14 ./Middlewares/Third_Party/FreeRTOS/Source/tasks.o
 .bss.uxCurrentNumberOfTasks
                0x20000410        0x4 ./Middlewares/Third_Party/FreeRTOS/Source/tasks.o
 .bss.xTickCount
                0x20000414        0x4 ./Middlewares/Third_Party/FreeRTOS/Source/tasks.o
 .bss.uxTopReadyPriority
                0x20000418        0x4 ./Middlewares/Third_Party/FreeRTOS/Source/tasks.o
 .bss.xSchedulerRunning
                0x2000041c        0x4 ./Middlewares/Third_Party/FreeRTOS/Source/tasks.o
 .bss.uxPendedTicks
                0x20000420        0x4 ./Middlewares/Third_Party/FreeRTOS/Source/tasks.o
 .bss.xYieldPending
                0x20000424        0x4 ./Middlewares/Third_Party/FreeRTOS/Source/tasks.o
 .bss.xNumOfOverflows
                0x20000428        0x4 ./Middlewares/Third_Party/FreeRTOS/Source/tasks.o
 .bss.uxTaskNumber
                0x2000042c        0x4 ./Middlewares/Third_Party/FreeRTOS/Source/tasks.o
 .bss.xNextTaskUnblockTime
                0x20000430        0x4 ./Middlewares/Third_Party/FreeRTOS/Source/tasks.o
 .bss.xIdleTaskHandle
                0x20000434        0x4 ./Middlewares/Third_Party/FreeRTOS/Source/tasks.o
 .bss.uxSchedulerSuspended
                0x20000438        0x4 ./Middlewares/Third_Party/FreeRTOS/Source/tasks.o
 .bss.ucMaxSysCallPriority
                0x2000043c        0x1 ./Middlewares/Third_Party/FreeRTOS/Source/portable/GCC/ARM_CM3/port.o
 *fill*         0x2000043d        0x3 
 .bss.ulMaxPRIGROUPValue
                0x20000440        0x4 ./Middlewares/Third_Party/FreeRTOS/Source/portable/GCC/ARM_CM3/port.o
 .bss.ucHeap    0x20000444      0xc00 ./Middlewares/Third_Party/FreeRTOS/Source/portable/MemMang/heap_4.o
 .bss.xStart    0x20001044        0x8 ./Middlewares/Third_Party/FreeRTOS/Source/portable/MemMang/heap_4.o
 .bss.pxEnd     0x2000104c        0x4 ./Middlewares/Third_Party/FreeRTOS/Source/portable/MemMang/heap_4.o
 .bss.xFreeBytesRemaining
                0x20001050        0x4 ./Middlewares/Third_Party/FreeRTOS/Source/portable/MemMang/heap_4.o
 .bss.xMinimumEverFreeBytesRemaining
                0x20001054        0x4 ./Middlewares/Third_Party/FreeRTOS/Source/portable/MemMang/heap_4.o
 .bss.xBlockAllocatedBit
                0x20001058        0x4 ./Middlewares/Third_Party/FreeRTOS/Source/portable/MemMang/heap_4.o
 *(COMMON)
                0x2000105c                        . = ALIGN (0x4)
                0x2000105c                        _ebss = .
                0x2000105c                        __bss_end__ = _ebss

._user_heap_stack
                0x2000105c      0x604 load address 0x080032e4
                0x20001060                        . = ALIGN (0x8)
 *fill*         0x2000105c        0x4 
                [!provide]                        PROVIDE (end = .)
                0x20001060                        PROVIDE (_end = .)
                0x20001260                        . = (. + _Min_Heap_Size)
 *fill*         0x20001060      0x200 
                0x20001660                        . = (. + _Min_Stack_Size)
 *fill*         0x20001260      0x400 
                0x20001660                        . = ALIGN (0x8)

/DISCARD/
 libc.a(*)
 libm.a(*)
 libgcc.a(*)

.ARM.attributes
                0x00000000       0x29
 *(.ARM.attributes)
 .ARM.attributes
                0x00000000       0x1d G:/ST/STM32CubeIDE_1.17.0/STM32CubeIDE/plugins/com.st.stm32cube.ide.mcu.externaltools.gnu-tools-for-stm32.12.3.rel1.win32_1.1.0.202410251130/tools/bin/../lib/gcc/arm-none-eabi/12.3.1/thumb/v7-m/nofp/crti.o
 .ARM.attributes
                0x0000001d       0x2d G:/ST/STM32CubeIDE_1.17.0/STM32CubeIDE/plugins/com.st.stm32cube.ide.mcu.externaltools.gnu-tools-for-stm32.12.3.rel1.win32_1.1.0.202410251130/tools/bin/../lib/gcc/arm-none-eabi/12.3.1/thumb/v7-m/nofp/crtbegin.o
 .ARM.attributes
                0x0000004a       0x2d ./Core/Src/freertos.o
 .ARM.attributes
                0x00000077       0x2d ./Core/Src/gpio.o
 .ARM.attributes
                0x000000a4       0x2d ./Core/Src/main.o
 .ARM.attributes
                0x000000d1       0x2d ./Core/Src/stm32f1xx_hal_msp.o
 .ARM.attributes
                0x000000fe       0x2d ./Core/Src/stm32f1xx_hal_timebase_tim.o
 .ARM.attributes
                0x0000012b       0x2d ./Core/Src/stm32f1xx_it.o
 .ARM.attributes
                0x00000158       0x2d ./Core/Src/system_stm32f1xx.o
 .ARM.attributes
                0x00000185       0x2d ./Core/Src/usart.o
 .ARM.attributes
                0x000001b2       0x21 ./Core/Startup/startup_stm32f103c8tx.o
 .ARM.attributes
                0x000001d3       0x2d ./Drivers/STM32F1xx_HAL_Driver/Src/stm32f1xx_hal.o
 .ARM.attributes
                0x00000200       0x2d ./Drivers/STM32F1xx_HAL_Driver/Src/stm32f1xx_hal_cortex.o
 .ARM.attributes
                0x0000022d       0x2d ./Drivers/STM32F1xx_HAL_Driver/Src/stm32f1xx_hal_gpio.o
 .ARM.attributes
                0x0000025a       0x2d ./Drivers/STM32F1xx_HAL_Driver/Src/stm32f1xx_hal_rcc.o
 .ARM.attributes
                0x00000287       0x2d ./Drivers/STM32F1xx_HAL_Driver/Src/stm32f1xx_hal_tim.o
 .ARM.attributes
                0x000002b4       0x2d ./Drivers/STM32F1xx_HAL_Driver/Src/stm32f1xx_hal_tim_ex.o
 .ARM.attributes
                0x000002e1       0x2d ./Drivers/STM32F1xx_HAL_Driver/Src/stm32f1xx_hal_uart.o
 .ARM.attributes
                0x0000030e       0x2d ./Middlewares/Third_Party/FreeRTOS/Source/CMSIS_RTOS/cmsis_os.o
 .ARM.attributes
                0x0000033b       0x2d ./Middlewares/Third_Party/FreeRTOS/Source/list.o
 .ARM.attributes
                0x00000368       0x2d ./Middlewares/Third_Party/FreeRTOS/Source/tasks.o
 .ARM.attributes
                0x00000395       0x2d ./Middlewares/Third_Party/FreeRTOS/Source/portable/GCC/ARM_CM3/port.o
 .ARM.attributes
                0x000003c2       0x2d ./Middlewares/Third_Party/FreeRTOS/Source/portable/MemMang/heap_4.o
 .ARM.attributes
                0x000003ef       0x2d G:/ST/STM32CubeIDE_1.17.0/STM32CubeIDE/plugins/com.st.stm32cube.ide.mcu.externaltools.gnu-tools-for-stm32.12.3.rel1.win32_1.1.0.202410251130/tools/bin/../lib/gcc/arm-none-eabi/12.3.1/../../../../arm-none-eabi/lib/thumb/v7-m/nofp\libc_nano.a(libc_a-memset.o)
 .ARM.attributes
                0x0000041c       0x2d G:/ST/STM32CubeIDE_1.17.0/STM32CubeIDE/plugins/com.st.stm32cube.ide.mcu.externaltools.gnu-tools-for-stm32.12.3.rel1.win32_1.1.0.202410251130/tools/bin/../lib/gcc/arm-none-eabi/12.3.1/../../../../arm-none-eabi/lib/thumb/v7-m/nofp\libc_nano.a(libc_a-init.o)
 .ARM.attributes
                0x00000449       0x1d G:/ST/STM32CubeIDE_1.17.0/STM32CubeIDE/plugins/com.st.stm32cube.ide.mcu.externaltools.gnu-tools-for-stm32.12.3.rel1.win32_1.1.0.202410251130/tools/bin/../lib/gcc/arm-none-eabi/12.3.1/thumb/v7-m/nofp/crtn.o
OUTPUT(FreeRTOS-F103.elf elf32-littlearm)
LOAD linker stubs
LOAD G:/ST/STM32CubeIDE_1.17.0/STM32CubeIDE/plugins/com.st.stm32cube.ide.mcu.externaltools.gnu-tools-for-stm32.12.3.rel1.win32_1.1.0.202410251130/tools/bin/../lib/gcc/arm-none-eabi/12.3.1/../../../../arm-none-eabi/lib/thumb/v7-m/nofp\libc.a
LOAD G:/ST/STM32CubeIDE_1.17.0/STM32CubeIDE/plugins/com.st.stm32cube.ide.mcu.externaltools.gnu-tools-for-stm32.12.3.rel1.win32_1.1.0.202410251130/tools/bin/../lib/gcc/arm-none-eabi/12.3.1/../../../../arm-none-eabi/lib/thumb/v7-m/nofp\libm.a
LOAD G:/ST/STM32CubeIDE_1.17.0/STM32CubeIDE/plugins/com.st.stm32cube.ide.mcu.externaltools.gnu-tools-for-stm32.12.3.rel1.win32_1.1.0.202410251130/tools/bin/../lib/gcc/arm-none-eabi/12.3.1/thumb/v7-m/nofp\libgcc.a

.debug_info     0x00000000     0xda77
 .debug_info    0x00000000      0xa4d ./Core/Src/freertos.o
 .debug_info    0x00000a4d      0x2b7 ./Core/Src/gpio.o
 .debug_info    0x00000d04      0x81d ./Core/Src/main.o
 .debug_info    0x00001521      0x361 ./Core/Src/stm32f1xx_hal_msp.o
 .debug_info    0x00001882      0x8f6 ./Core/Src/stm32f1xx_hal_timebase_tim.o
 .debug_info    0x00002178      0x5c6 ./Core/Src/stm32f1xx_it.o
 .debug_info    0x0000273e      0x3ed ./Core/Src/system_stm32f1xx.o
 .debug_info    0x00002b2b      0x74d ./Core/Src/usart.o
 .debug_info    0x00003278       0x30 ./Core/Startup/startup_stm32f103c8tx.o
 .debug_info    0x000032a8      0x6ee ./Drivers/STM32F1xx_HAL_Driver/Src/stm32f1xx_hal.o
 .debug_info    0x00003996      0xa87 ./Drivers/STM32F1xx_HAL_Driver/Src/stm32f1xx_hal_cortex.o
 .debug_info    0x0000441d      0x59c ./Drivers/STM32F1xx_HAL_Driver/Src/stm32f1xx_hal_gpio.o
 .debug_info    0x000049b9      0x7e9 ./Drivers/STM32F1xx_HAL_Driver/Src/stm32f1xx_hal_rcc.o
 .debug_info    0x000051a2     0x23fc ./Drivers/STM32F1xx_HAL_Driver/Src/stm32f1xx_hal_tim.o
 .debug_info    0x0000759e     0x1147 ./Drivers/STM32F1xx_HAL_Driver/Src/stm32f1xx_hal_tim_ex.o
 .debug_info    0x000086e5     0x1196 ./Drivers/STM32F1xx_HAL_Driver/Src/stm32f1xx_hal_uart.o
 .debug_info    0x0000987b     0x1b3d ./Middlewares/Third_Party/FreeRTOS/Source/CMSIS_RTOS/cmsis_os.o
 .debug_info    0x0000b3b8      0x2aa ./Middlewares/Third_Party/FreeRTOS/Source/list.o
 .debug_info    0x0000b662     0x1bbe ./Middlewares/Third_Party/FreeRTOS/Source/tasks.o
 .debug_info    0x0000d220      0x494 ./Middlewares/Third_Party/FreeRTOS/Source/portable/GCC/ARM_CM3/port.o
 .debug_info    0x0000d6b4      0x3c3 ./Middlewares/Third_Party/FreeRTOS/Source/portable/MemMang/heap_4.o

.debug_abbrev   0x00000000     0x2a08
 .debug_abbrev  0x00000000      0x1da ./Core/Src/freertos.o
 .debug_abbrev  0x000001da      0x13f ./Core/Src/gpio.o
 .debug_abbrev  0x00000319      0x213 ./Core/Src/main.o
 .debug_abbrev  0x0000052c      0x11c ./Core/Src/stm32f1xx_hal_msp.o
 .debug_abbrev  0x00000648      0x1f3 ./Core/Src/stm32f1xx_hal_timebase_tim.o
 .debug_abbrev  0x0000083b      0x17c ./Core/Src/stm32f1xx_it.o
 .debug_abbrev  0x000009b7      0x13d ./Core/Src/system_stm32f1xx.o
 .debug_abbrev  0x00000af4      0x1df ./Core/Src/usart.o
 .debug_abbrev  0x00000cd3       0x24 ./Core/Startup/startup_stm32f103c8tx.o
 .debug_abbrev  0x00000cf7      0x214 ./Drivers/STM32F1xx_HAL_Driver/Src/stm32f1xx_hal.o
 .debug_abbrev  0x00000f0b      0x2f8 ./Drivers/STM32F1xx_HAL_Driver/Src/stm32f1xx_hal_cortex.o
 .debug_abbrev  0x00001203      0x1ca ./Drivers/STM32F1xx_HAL_Driver/Src/stm32f1xx_hal_gpio.o
 .debug_abbrev  0x000013cd      0x2b1 ./Drivers/STM32F1xx_HAL_Driver/Src/stm32f1xx_hal_rcc.o
 .debug_abbrev  0x0000167e      0x270 ./Drivers/STM32F1xx_HAL_Driver/Src/stm32f1xx_hal_tim.o
 .debug_abbrev  0x000018ee      0x260 ./Drivers/STM32F1xx_HAL_Driver/Src/stm32f1xx_hal_tim_ex.o
 .debug_abbrev  0x00001b4e      0x272 ./Drivers/STM32F1xx_HAL_Driver/Src/stm32f1xx_hal_uart.o
 .debug_abbrev  0x00001dc0      0x39e ./Middlewares/Third_Party/FreeRTOS/Source/CMSIS_RTOS/cmsis_os.o
 .debug_abbrev  0x0000215e       0xf5 ./Middlewares/Third_Party/FreeRTOS/Source/list.o
 .debug_abbrev  0x00002253      0x358 ./Middlewares/Third_Party/FreeRTOS/Source/tasks.o
 .debug_abbrev  0x000025ab      0x258 ./Middlewares/Third_Party/FreeRTOS/Source/portable/GCC/ARM_CM3/port.o
 .debug_abbrev  0x00002803      0x205 ./Middlewares/Third_Party/FreeRTOS/Source/portable/MemMang/heap_4.o

.debug_aranges  0x00000000      0xfe8
 .debug_aranges
                0x00000000       0x58 ./Core/Src/freertos.o
 .debug_aranges
                0x00000058       0x20 ./Core/Src/gpio.o
 .debug_aranges
                0x00000078       0x38 ./Core/Src/main.o
 .debug_aranges
                0x000000b0       0x20 ./Core/Src/stm32f1xx_hal_msp.o
 .debug_aranges
                0x000000d0       0x30 ./Core/Src/stm32f1xx_hal_timebase_tim.o
 .debug_aranges
                0x00000100       0x50 ./Core/Src/stm32f1xx_it.o
 .debug_aranges
                0x00000150       0x28 ./Core/Src/system_stm32f1xx.o
 .debug_aranges
                0x00000178       0x30 ./Core/Src/usart.o
 .debug_aranges
                0x000001a8       0x28 ./Core/Startup/startup_stm32f103c8tx.o
 .debug_aranges
                0x000001d0       0xe0 ./Drivers/STM32F1xx_HAL_Driver/Src/stm32f1xx_hal.o
 .debug_aranges
                0x000002b0      0x100 ./Drivers/STM32F1xx_HAL_Driver/Src/stm32f1xx_hal_cortex.o
 .debug_aranges
                0x000003b0       0x58 ./Drivers/STM32F1xx_HAL_Driver/Src/stm32f1xx_hal_gpio.o
 .debug_aranges
                0x00000408       0x90 ./Drivers/STM32F1xx_HAL_Driver/Src/stm32f1xx_hal_rcc.o
 .debug_aranges
                0x00000498      0x3a8 ./Drivers/STM32F1xx_HAL_Driver/Src/stm32f1xx_hal_tim.o
 .debug_aranges
                0x00000840      0x150 ./Drivers/STM32F1xx_HAL_Driver/Src/stm32f1xx_hal_tim_ex.o
 .debug_aranges
                0x00000990      0x1d0 ./Drivers/STM32F1xx_HAL_Driver/Src/stm32f1xx_hal_uart.o
 .debug_aranges
                0x00000b60      0x1d8 ./Middlewares/Third_Party/FreeRTOS/Source/CMSIS_RTOS/cmsis_os.o
 .debug_aranges
                0x00000d38       0x40 ./Middlewares/Third_Party/FreeRTOS/Source/list.o
 .debug_aranges
                0x00000d78      0x1a8 ./Middlewares/Third_Party/FreeRTOS/Source/tasks.o
 .debug_aranges
                0x00000f20       0x78 ./Middlewares/Third_Party/FreeRTOS/Source/portable/GCC/ARM_CM3/port.o
 .debug_aranges
                0x00000f98       0x50 ./Middlewares/Third_Party/FreeRTOS/Source/portable/MemMang/heap_4.o

.debug_rnglists
                0x00000000      0xc17
 .debug_rnglists
                0x00000000       0x3e ./Core/Src/freertos.o
 .debug_rnglists
                0x0000003e       0x14 ./Core/Src/gpio.o
 .debug_rnglists
                0x00000052       0x26 ./Core/Src/main.o
 .debug_rnglists
                0x00000078       0x13 ./Core/Src/stm32f1xx_hal_msp.o
 .debug_rnglists
                0x0000008b       0x20 ./Core/Src/stm32f1xx_hal_timebase_tim.o
 .debug_rnglists
                0x000000ab       0x37 ./Core/Src/stm32f1xx_it.o
 .debug_rnglists
                0x000000e2       0x1a ./Core/Src/system_stm32f1xx.o
 .debug_rnglists
                0x000000fc       0x20 ./Core/Src/usart.o
 .debug_rnglists
                0x0000011c       0x19 ./Core/Startup/startup_stm32f103c8tx.o
 .debug_rnglists
                0x00000135       0xa3 ./Drivers/STM32F1xx_HAL_Driver/Src/stm32f1xx_hal.o
 .debug_rnglists
                0x000001d8       0xbb ./Drivers/STM32F1xx_HAL_Driver/Src/stm32f1xx_hal_cortex.o
 .debug_rnglists
                0x00000293       0x3f ./Drivers/STM32F1xx_HAL_Driver/Src/stm32f1xx_hal_gpio.o
 .debug_rnglists
                0x000002d2       0x6c ./Drivers/STM32F1xx_HAL_Driver/Src/stm32f1xx_hal_rcc.o
 .debug_rnglists
                0x0000033e      0x2e5 ./Drivers/STM32F1xx_HAL_Driver/Src/stm32f1xx_hal_tim.o
 .debug_rnglists
                0x00000623      0x10a ./Drivers/STM32F1xx_HAL_Driver/Src/stm32f1xx_hal_tim_ex.o
 .debug_rnglists
                0x0000072d      0x170 ./Drivers/STM32F1xx_HAL_Driver/Src/stm32f1xx_hal_uart.o
 .debug_rnglists
                0x0000089d      0x16a ./Middlewares/Third_Party/FreeRTOS/Source/CMSIS_RTOS/cmsis_os.o
 .debug_rnglists
                0x00000a07       0x2b ./Middlewares/Third_Party/FreeRTOS/Source/list.o
 .debug_rnglists
                0x00000a32      0x153 ./Middlewares/Third_Party/FreeRTOS/Source/tasks.o
 .debug_rnglists
                0x00000b85       0x57 ./Middlewares/Third_Party/FreeRTOS/Source/portable/GCC/ARM_CM3/port.o
 .debug_rnglists
                0x00000bdc       0x3b ./Middlewares/Third_Party/FreeRTOS/Source/portable/MemMang/heap_4.o

.debug_macro    0x00000000    0x1542b
 .debug_macro   0x00000000      0x26f ./Core/Src/freertos.o
 .debug_macro   0x0000026f      0xaa8 ./Core/Src/freertos.o
 .debug_macro   0x00000d17      0x189 ./Core/Src/freertos.o
 .debug_macro   0x00000ea0       0x22 ./Core/Src/freertos.o
 .debug_macro   0x00000ec2       0x8e ./Core/Src/freertos.o
 .debug_macro   0x00000f50       0x51 ./Core/Src/freertos.o
 .debug_macro   0x00000fa1      0x103 ./Core/Src/freertos.o
 .debug_macro   0x000010a4       0x6a ./Core/Src/freertos.o
 .debug_macro   0x0000110e      0x1df ./Core/Src/freertos.o
 .debug_macro   0x000012ed       0xd6 ./Core/Src/freertos.o
 .debug_macro   0x000013c3      0x15a ./Core/Src/freertos.o
 .debug_macro   0x0000151d       0xd7 ./Core/Src/freertos.o
 .debug_macro   0x000015f4       0x10 ./Core/Src/freertos.o
 .debug_macro   0x00001604       0x1f ./Core/Src/freertos.o
 .debug_macro   0x00001623      0x4b7 ./Core/Src/freertos.o
 .debug_macro   0x00001ada       0xb5 ./Core/Src/freertos.o
 .debug_macro   0x00001b8f       0x8c ./Core/Src/freertos.o
 .debug_macro   0x00001c1b      0x21b ./Core/Src/freertos.o
 .debug_macro   0x00001e36       0x2e ./Core/Src/freertos.o
 .debug_macro   0x00001e64       0x22 ./Core/Src/freertos.o
 .debug_macro   0x00001e86       0x1c ./Core/Src/freertos.o
 .debug_macro   0x00001ea2       0x22 ./Core/Src/freertos.o
 .debug_macro   0x00001ec4       0xbd ./Core/Src/freertos.o
 .debug_macro   0x00001f81      0xd23 ./Core/Src/freertos.o
 .debug_macro   0x00002ca4     0xe09e ./Core/Src/freertos.o
 .debug_macro   0x00010d42       0x43 ./Core/Src/freertos.o
 .debug_macro   0x00010d85       0x5a ./Core/Src/freertos.o
 .debug_macro   0x00010ddf      0x5be ./Core/Src/freertos.o
 .debug_macro   0x0001139d      0x289 ./Core/Src/freertos.o
 .debug_macro   0x00011626      0x1cb ./Core/Src/freertos.o
 .debug_macro   0x000117f1      0x114 ./Core/Src/freertos.o
 .debug_macro   0x00011905      0x1b2 ./Core/Src/freertos.o
 .debug_macro   0x00011ab7       0x27 ./Core/Src/freertos.o
 .debug_macro   0x00011ade      0x136 ./Core/Src/freertos.o
 .debug_macro   0x00011c14      0x1bc ./Core/Src/freertos.o
 .debug_macro   0x00011dd0       0x34 ./Core/Src/freertos.o
 .debug_macro   0x00011e04       0x3c ./Core/Src/freertos.o
 .debug_macro   0x00011e40       0x57 ./Core/Src/freertos.o
 .debug_macro   0x00011e97       0x88 ./Core/Src/freertos.o
 .debug_macro   0x00011f1f      0x241 ./Core/Src/freertos.o
 .debug_macro   0x00012160      0x141 ./Core/Src/freertos.o
 .debug_macro   0x000122a1      0x88b ./Core/Src/freertos.o
 .debug_macro   0x00012b2c      0x26b ./Core/Src/freertos.o
 .debug_macro   0x00012d97       0x83 ./Core/Src/freertos.o
 .debug_macro   0x00012e1a       0x91 ./Core/Src/freertos.o
 .debug_macro   0x00012eab       0x8d ./Core/Src/freertos.o
 .debug_macro   0x00012f38       0x7e ./Core/Src/freertos.o
 .debug_macro   0x00012fb6       0x19 ./Core/Src/freertos.o
 .debug_macro   0x00012fcf       0xf2 ./Core/Src/freertos.o
 .debug_macro   0x000130c1      0x1c0 ./Core/Src/gpio.o
 .debug_macro   0x00013281      0x26f ./Core/Src/main.o
 .debug_macro   0x000134f0       0xd6 ./Core/Src/main.o
 .debug_macro   0x000135c6      0x1bc ./Core/Src/stm32f1xx_hal_msp.o
 .debug_macro   0x00013782      0x19a ./Core/Src/stm32f1xx_hal_timebase_tim.o
 .debug_macro   0x0001391c      0x1c6 ./Core/Src/stm32f1xx_it.o
 .debug_macro   0x00013ae2      0x1a0 ./Core/Src/system_stm32f1xx.o
 .debug_macro   0x00013c82      0x1c0 ./Core/Src/usart.o
 .debug_macro   0x00013e42      0x1be ./Drivers/STM32F1xx_HAL_Driver/Src/stm32f1xx_hal.o
 .debug_macro   0x00014000      0x19a ./Drivers/STM32F1xx_HAL_Driver/Src/stm32f1xx_hal_cortex.o
 .debug_macro   0x0001419a      0x205 ./Drivers/STM32F1xx_HAL_Driver/Src/stm32f1xx_hal_gpio.o
 .debug_macro   0x0001439f      0x1ac ./Drivers/STM32F1xx_HAL_Driver/Src/stm32f1xx_hal_rcc.o
 .debug_macro   0x0001454b      0x19b ./Drivers/STM32F1xx_HAL_Driver/Src/stm32f1xx_hal_tim.o
 .debug_macro   0x000146e6      0x19a ./Drivers/STM32F1xx_HAL_Driver/Src/stm32f1xx_hal_tim_ex.o
 .debug_macro   0x00014880      0x19b ./Drivers/STM32F1xx_HAL_Driver/Src/stm32f1xx_hal_uart.o
 .debug_macro   0x00014a1b      0x1fe ./Middlewares/Third_Party/FreeRTOS/Source/CMSIS_RTOS/cmsis_os.o
 .debug_macro   0x00014c19       0x10 ./Middlewares/Third_Party/FreeRTOS/Source/CMSIS_RTOS/cmsis_os.o
 .debug_macro   0x00014c29       0x20 ./Middlewares/Third_Party/FreeRTOS/Source/CMSIS_RTOS/cmsis_os.o
 .debug_macro   0x00014c49       0xab ./Middlewares/Third_Party/FreeRTOS/Source/CMSIS_RTOS/cmsis_os.o
 .debug_macro   0x00014cf4      0x187 ./Middlewares/Third_Party/FreeRTOS/Source/list.o
 .debug_macro   0x00014e7b      0x280 ./Middlewares/Third_Party/FreeRTOS/Source/tasks.o
 .debug_macro   0x000150fb       0x10 ./Middlewares/Third_Party/FreeRTOS/Source/tasks.o
 .debug_macro   0x0001510b      0x172 ./Middlewares/Third_Party/FreeRTOS/Source/portable/GCC/ARM_CM3/port.o
 .debug_macro   0x0001527d      0x1ae ./Middlewares/Third_Party/FreeRTOS/Source/portable/MemMang/heap_4.o

.debug_line     0x00000000     0xfe8b
 .debug_line    0x00000000      0x93e ./Core/Src/freertos.o
 .debug_line    0x0000093e      0x6d5 ./Core/Src/gpio.o
 .debug_line    0x00001013      0x8dd ./Core/Src/main.o
 .debug_line    0x000018f0      0x6d2 ./Core/Src/stm32f1xx_hal_msp.o
 .debug_line    0x00001fc2      0x72a ./Core/Src/stm32f1xx_hal_timebase_tim.o
 .debug_line    0x000026ec      0x76d ./Core/Src/stm32f1xx_it.o
 .debug_line    0x00002e59      0x768 ./Core/Src/system_stm32f1xx.o
 .debug_line    0x000035c1      0x735 ./Core/Src/usart.o
 .debug_line    0x00003cf6       0x76 ./Core/Startup/startup_stm32f103c8tx.o
 .debug_line    0x00003d6c      0x961 ./Drivers/STM32F1xx_HAL_Driver/Src/stm32f1xx_hal.o
 .debug_line    0x000046cd      0xb53 ./Drivers/STM32F1xx_HAL_Driver/Src/stm32f1xx_hal_cortex.o
 .debug_line    0x00005220      0xa01 ./Drivers/STM32F1xx_HAL_Driver/Src/stm32f1xx_hal_gpio.o
 .debug_line    0x00005c21      0xd72 ./Drivers/STM32F1xx_HAL_Driver/Src/stm32f1xx_hal_rcc.o
 .debug_line    0x00006993     0x27d8 ./Drivers/STM32F1xx_HAL_Driver/Src/stm32f1xx_hal_tim.o
 .debug_line    0x0000916b     0x1160 ./Drivers/STM32F1xx_HAL_Driver/Src/stm32f1xx_hal_tim_ex.o
 .debug_line    0x0000a2cb     0x1761 ./Drivers/STM32F1xx_HAL_Driver/Src/stm32f1xx_hal_uart.o
 .debug_line    0x0000ba2c     0x125b ./Middlewares/Third_Party/FreeRTOS/Source/CMSIS_RTOS/cmsis_os.o
 .debug_line    0x0000cc87      0x78b ./Middlewares/Third_Party/FreeRTOS/Source/list.o
 .debug_line    0x0000d412     0x1953 ./Middlewares/Third_Party/FreeRTOS/Source/tasks.o
 .debug_line    0x0000ed65      0x7d6 ./Middlewares/Third_Party/FreeRTOS/Source/portable/GCC/ARM_CM3/port.o
 .debug_line    0x0000f53b      0x950 ./Middlewares/Third_Party/FreeRTOS/Source/portable/MemMang/heap_4.o

.debug_str      0x00000000    0x78fb1
 .debug_str     0x00000000    0x70927 ./Core/Src/freertos.o
                              0x70c69 (size before relaxing)
 .debug_str     0x00070927       0xf3 ./Core/Src/gpio.o
                              0x6a99d (size before relaxing)
 .debug_str     0x00070a1a      0x3c1 ./Core/Src/main.o
                              0x70aec (size before relaxing)
 .debug_str     0x00070ddb      0x2dd ./Core/Src/stm32f1xx_hal_msp.o
                              0x6ac25 (size before relaxing)
 .debug_str     0x000710b8      0x10a ./Core/Src/stm32f1xx_hal_timebase_tim.o
                              0x6b0f9 (size before relaxing)
 .debug_str     0x000711c2       0xa5 ./Core/Src/stm32f1xx_it.o
                              0x6ad01 (size before relaxing)
 .debug_str     0x00071267       0xee ./Core/Src/system_stm32f1xx.o
                              0x6a9bd (size before relaxing)
 .debug_str     0x00071355       0x61 ./Core/Src/usart.o
                              0x6ad97 (size before relaxing)
 .debug_str     0x000713b6       0x44 ./Core/Startup/startup_stm32f103c8tx.o
                                 0x84 (size before relaxing)
 .debug_str     0x000713fa      0x404 ./Drivers/STM32F1xx_HAL_Driver/Src/stm32f1xx_hal.o
                              0x6b069 (size before relaxing)
 .debug_str     0x000717fe      0x267 ./Drivers/STM32F1xx_HAL_Driver/Src/stm32f1xx_hal_cortex.o
                              0x6afc2 (size before relaxing)
 .debug_str     0x00071a65      0x2e6 ./Drivers/STM32F1xx_HAL_Driver/Src/stm32f1xx_hal_gpio.o
                              0x6acc9 (size before relaxing)
 .debug_str     0x00071d4b      0x207 ./Drivers/STM32F1xx_HAL_Driver/Src/stm32f1xx_hal_rcc.o
                              0x6ad72 (size before relaxing)
 .debug_str     0x00071f52      0xe2c ./Drivers/STM32F1xx_HAL_Driver/Src/stm32f1xx_hal_tim.o
                              0x6bb56 (size before relaxing)
 .debug_str     0x00072d7e      0x512 ./Drivers/STM32F1xx_HAL_Driver/Src/stm32f1xx_hal_tim_ex.o
                              0x6b39f (size before relaxing)
 .debug_str     0x00073290      0x51b ./Drivers/STM32F1xx_HAL_Driver/Src/stm32f1xx_hal_uart.o
                              0x6b27a (size before relaxing)
 .debug_str     0x000737ab     0x3ba3 ./Middlewares/Third_Party/FreeRTOS/Source/CMSIS_RTOS/cmsis_os.o
                               0xe17e (size before relaxing)
 .debug_str     0x0007734e      0x21b ./Middlewares/Third_Party/FreeRTOS/Source/list.o
                               0xa794 (size before relaxing)
 .debug_str     0x00077569     0x1197 ./Middlewares/Third_Party/FreeRTOS/Source/tasks.o
                               0xca86 (size before relaxing)
 .debug_str     0x00078700      0x66e ./Middlewares/Third_Party/FreeRTOS/Source/portable/GCC/ARM_CM3/port.o
                               0x8209 (size before relaxing)
 .debug_str     0x00078d6e      0x243 ./Middlewares/Third_Party/FreeRTOS/Source/portable/MemMang/heap_4.o
                               0xaee1 (size before relaxing)

.comment        0x00000000       0x43
 .comment       0x00000000       0x43 ./Core/Src/freertos.o
                                 0x44 (size before relaxing)
 .comment       0x00000043       0x44 ./Core/Src/gpio.o
 .comment       0x00000043       0x44 ./Core/Src/main.o
 .comment       0x00000043       0x44 ./Core/Src/stm32f1xx_hal_msp.o
 .comment       0x00000043       0x44 ./Core/Src/stm32f1xx_hal_timebase_tim.o
 .comment       0x00000043       0x44 ./Core/Src/stm32f1xx_it.o
 .comment       0x00000043       0x44 ./Core/Src/system_stm32f1xx.o
 .comment       0x00000043       0x44 ./Core/Src/usart.o
 .comment       0x00000043       0x44 ./Drivers/STM32F1xx_HAL_Driver/Src/stm32f1xx_hal.o
 .comment       0x00000043       0x44 ./Drivers/STM32F1xx_HAL_Driver/Src/stm32f1xx_hal_cortex.o
 .comment       0x00000043       0x44 ./Drivers/STM32F1xx_HAL_Driver/Src/stm32f1xx_hal_gpio.o
 .comment       0x00000043       0x44 ./Drivers/STM32F1xx_HAL_Driver/Src/stm32f1xx_hal_rcc.o
 .comment       0x00000043       0x44 ./Drivers/STM32F1xx_HAL_Driver/Src/stm32f1xx_hal_tim.o
 .comment       0x00000043       0x44 ./Drivers/STM32F1xx_HAL_Driver/Src/stm32f1xx_hal_tim_ex.o
 .comment       0x00000043       0x44 ./Drivers/STM32F1xx_HAL_Driver/Src/stm32f1xx_hal_uart.o
 .comment       0x00000043       0x44 ./Middlewares/Third_Party/FreeRTOS/Source/CMSIS_RTOS/cmsis_os.o
 .comment       0x00000043       0x44 ./Middlewares/Third_Party/FreeRTOS/Source/list.o
 .comment       0x00000043       0x44 ./Middlewares/Third_Party/FreeRTOS/Source/tasks.o
 .comment       0x00000043       0x44 ./Middlewares/Third_Party/FreeRTOS/Source/portable/GCC/ARM_CM3/port.o
 .comment       0x00000043       0x44 ./Middlewares/Third_Party/FreeRTOS/Source/portable/MemMang/heap_4.o

.debug_frame    0x00000000     0x40d4
 .debug_frame   0x00000000      0x138 ./Core/Src/freertos.o
 .debug_frame   0x00000138       0x34 ./Core/Src/gpio.o
 .debug_frame   0x0000016c       0x8c ./Core/Src/main.o
 .debug_frame   0x000001f8       0x34 ./Core/Src/stm32f1xx_hal_msp.o
 .debug_frame   0x0000022c       0x74 ./Core/Src/stm32f1xx_hal_timebase_tim.o
 .debug_frame   0x000002a0       0xc4 ./Core/Src/stm32f1xx_it.o
 .debug_frame   0x00000364       0x58 ./Core/Src/system_stm32f1xx.o
 .debug_frame   0x000003bc       0x74 ./Core/Src/usart.o
 .debug_frame   0x00000430      0x334 ./Drivers/STM32F1xx_HAL_Driver/Src/stm32f1xx_hal.o
 .debug_frame   0x00000764      0x428 ./Drivers/STM32F1xx_HAL_Driver/Src/stm32f1xx_hal_cortex.o
 .debug_frame   0x00000b8c      0x14c ./Drivers/STM32F1xx_HAL_Driver/Src/stm32f1xx_hal_gpio.o
 .debug_frame   0x00000cd8      0x21c ./Drivers/STM32F1xx_HAL_Driver/Src/stm32f1xx_hal_rcc.o
 .debug_frame   0x00000ef4     0x10e8 ./Drivers/STM32F1xx_HAL_Driver/Src/stm32f1xx_hal_tim.o
 .debug_frame   0x00001fdc      0x5c0 ./Drivers/STM32F1xx_HAL_Driver/Src/stm32f1xx_hal_tim_ex.o
 .debug_frame   0x0000259c      0x834 ./Drivers/STM32F1xx_HAL_Driver/Src/stm32f1xx_hal_uart.o
 .debug_frame   0x00002dd0      0x80c ./Middlewares/Third_Party/FreeRTOS/Source/CMSIS_RTOS/cmsis_os.o
 .debug_frame   0x000035dc       0xd8 ./Middlewares/Third_Party/FreeRTOS/Source/list.o
 .debug_frame   0x000036b4      0x734 ./Middlewares/Third_Party/FreeRTOS/Source/tasks.o
 .debug_frame   0x00003de8      0x198 ./Middlewares/Third_Party/FreeRTOS/Source/portable/GCC/ARM_CM3/port.o
 .debug_frame   0x00003f80      0x108 ./Middlewares/Third_Party/FreeRTOS/Source/portable/MemMang/heap_4.o
 .debug_frame   0x00004088       0x20 G:/ST/STM32CubeIDE_1.17.0/STM32CubeIDE/plugins/com.st.stm32cube.ide.mcu.externaltools.gnu-tools-for-stm32.12.3.rel1.win32_1.1.0.202410251130/tools/bin/../lib/gcc/arm-none-eabi/12.3.1/../../../../arm-none-eabi/lib/thumb/v7-m/nofp\libc_nano.a(libc_a-memset.o)
 .debug_frame   0x000040a8       0x2c G:/ST/STM32CubeIDE_1.17.0/STM32CubeIDE/plugins/com.st.stm32cube.ide.mcu.externaltools.gnu-tools-for-stm32.12.3.rel1.win32_1.1.0.202410251130/tools/bin/../lib/gcc/arm-none-eabi/12.3.1/../../../../arm-none-eabi/lib/thumb/v7-m/nofp\libc_nano.a(libc_a-init.o)

.debug_line_str
                0x00000000       0x68
 .debug_line_str
                0x00000000       0x68 ./Core/Startup/startup_stm32f103c8tx.o
